=== tts_eval E8a_add_moe_noloop digits=2 Thu Oct  8 05:11:10 UTC 2026
{"greedy@R1": {"acc": 0.09375, "flops_per_problem": 14428160.0}, "maj@4_R1": {"acc": 0.046875, "flops_per_problem": 57712640.0}, "oracle@4_R1": {"acc": 0.171875, "flops_per_problem": 57712640.0}, "maj@16_R1": {"acc": 0.03125, "flops_per_problem": 230850560.0}, "oracle@16_R1": {"acc": 0.40625, "flops_per_problem": 230850560.0}, "adaptive_R1": {"acc": 0.03125, "mean_samples": 14.3125, "flops_per_problem": 206503040.0}}
=== tts_eval E8b_add_loop3fixed_moe digits=2 Thu Oct  8 05:11:28 UTC 2026
{"greedy@R1": {"acc": 0.0, "flops_per_problem": 14428160.0}, "maj@4_R1": {"acc": 0.0, "flops_per_problem": 57712640.0}, "oracle@4_R1": {"acc": 0.03125, "flops_per_problem": 57712640.0}, "maj@16_R1": {"acc": 0.0, "flops_per_problem": 230850560.0}, "oracle@16_R1": {"acc": 0.046875, "flops_per_problem": 230850560.0}, "adaptive_R1": {"acc": 0.0, "mean_samples": 15.1875, "flops_per_problem": 219127680.0}}
{"greedy@R3": {"acc": 0.03125, "flops_per_problem": 24739840.0}, "maj@4_R3": {"acc": 0.09375, "flops_per_problem": 98959360.0}, "oracle@4_R3": {"acc": 0.171875, "flops_per_problem": 98959360.0}, "maj@16_R3": {"acc": 0.046875, "flops_per_problem": 395837440.0}, "oracle@16_R3": {"acc": 0.375, "flops_per_problem": 395837440.0}, "adaptive_R3": {"acc": 0.046875, "mean_samples": 15.0625, "flops_per_problem": 372643840.0}}
{"greedy@R4": {"acc": 0.015625, "flops_per_problem": 29895680.0}, "maj@4_R4": {"acc": 0.0625, "flops_per_problem": 119582720.0}, "oracle@4_R4": {"acc": 0.125, "flops_per_problem": 119582720.0}, "maj@16_R4": {"acc": 0.046875, "flops_per_problem": 478330880.0}, "oracle@16_R4": {"acc": 0.4375, "flops_per_problem": 478330880.0}, "adaptive_R4": {"acc": 0.0625, "mean_samples": 15.25, "flops_per_problem": 455909120.0}}
=== tts_eval E8e_add_moe_core6 digits=2 Thu Oct  8 05:13:04 UTC 2026
{"greedy@R1": {"acc": 0.46875, "flops_per_problem": 24739840.0}, "maj@4_R1": {"acc": 0.46875, "flops_per_problem": 98959360.0}, "oracle@4_R1": {"acc": 0.484375, "flops_per_problem": 98959360.0}, "maj@16_R1": {"acc": 0.46875, "flops_per_problem": 395837440.0}, "oracle@16_R1": {"acc": 0.484375, "flops_per_problem": 395837440.0}, "adaptive_R1": {"acc": 0.46875, "mean_samples": 4.3125, "flops_per_problem": 106690560.0}}
=== tts_eval E8g_add_moe_abacus digits=2 Thu Oct  8 05:13:25 UTC 2026
{"greedy@R1": {"acc": 0.484375, "flops_per_problem": 14428160.0}, "maj@4_R1": {"acc": 0.484375, "flops_per_problem": 57712640.0}, "oracle@4_R1": {"acc": 0.484375, "flops_per_problem": 57712640.0}, "maj@16_R1": {"acc": 0.484375, "flops_per_problem": 230850560.0}, "oracle@16_R1": {"acc": 0.484375, "flops_per_problem": 230850560.0}, "adaptive_R1": {"acc": 0.484375, "mean_samples": 4.0625, "flops_per_problem": 58614400.0}}
=== tts_eval E8c_add_moe_engram digits=2 Thu Oct  8 05:13:36 UTC 2026
{"greedy@R1": {"acc": 0.234375, "flops_per_problem": 15329280.0}, "maj@4_R1": {"acc": 0.21875, "flops_per_problem": 61317120.0}, "oracle@4_R1": {"acc": 0.3125, "flops_per_problem": 61317120.0}, "maj@16_R1": {"acc": 0.203125, "flops_per_problem": 245268480.0}, "oracle@16_R1": {"acc": 0.4375, "flops_per_problem": 245268480.0}, "adaptive_R1": {"acc": 0.234375, "mean_samples": 12.125, "flops_per_problem": 185867520.0}}
=== tts_eval E8d_add_loop3fixed_moe_engram digits=2 Thu Oct  8 05:13:53 UTC 2026
{"greedy@R1": {"acc": 0.015625, "flops_per_problem": 15329280.0}, "maj@4_R1": {"acc": 0.015625, "flops_per_problem": 61317120.0}, "oracle@4_R1": {"acc": 0.0625, "flops_per_problem": 61317120.0}, "maj@16_R1": {"acc": 0.046875, "flops_per_problem": 245268480.0}, "oracle@16_R1": {"acc": 0.1875, "flops_per_problem": 245268480.0}, "adaptive_R1": {"acc": 0.015625, "mean_samples": 15.5, "flops_per_problem": 237603840.0}}
{"greedy@R3": {"acc": 0.046875, "flops_per_problem": 24166400.0}, "maj@4_R3": {"acc": 0.0, "flops_per_problem": 96665600.0}, "oracle@4_R3": {"acc": 0.1875, "flops_per_problem": 96665600.0}, "maj@16_R3": {"acc": 0.046875, "flops_per_problem": 386662400.0}, "oracle@16_R3": {"acc": 0.609375, "flops_per_problem": 386662400.0}, "adaptive_R3": {"acc": 0.078125, "mean_samples": 14.3125, "flops_per_problem": 345881600.0}}
{"greedy@R4": {"acc": 0.125, "flops_per_problem": 28584960.0}, "maj@4_R4": {"acc": 0.09375, "flops_per_problem": 114339840.0}, "oracle@4_R4": {"acc": 0.21875, "flops_per_problem": 114339840.0}, "maj@16_R4": {"acc": 0.140625, "flops_per_problem": 457359360.0}, "oracle@16_R4": {"acc": 0.640625, "flops_per_problem": 457359360.0}, "adaptive_R4": {"acc": 0.0625, "mean_samples": 14.5, "flops_per_problem": 414481920.0}}
=== tts_eval E8a_add_moe_noloop digits=3 Thu Oct  8 05:15:21 UTC 2026
{"greedy@R1": {"acc": 0.046875, "flops_per_problem": 18756608.0}, "maj@4_R1": {"acc": 0.0, "flops_per_problem": 75026432.0}, "oracle@4_R1": {"acc": 0.078125, "flops_per_problem": 75026432.0}, "maj@16_R1": {"acc": 0.03125, "flops_per_problem": 300105728.0}, "oracle@16_R1": {"acc": 0.234375, "flops_per_problem": 300105728.0}, "adaptive_R1": {"acc": 0.015625, "mean_samples": 14.75, "flops_per_problem": 276659968.0}}
=== tts_eval E8b_add_loop3fixed_moe digits=3 Thu Oct  8 05:15:40 UTC 2026
{"greedy@R1": {"acc": 0.0, "flops_per_problem": 18756608.0}, "maj@4_R1": {"acc": 0.0, "flops_per_problem": 75026432.0}, "oracle@4_R1": {"acc": 0.0, "flops_per_problem": 75026432.0}, "maj@16_R1": {"acc": 0.0, "flops_per_problem": 300105728.0}, "oracle@16_R1": {"acc": 0.0, "flops_per_problem": 300105728.0}, "adaptive_R1": {"acc": 0.0, "mean_samples": 15.9375, "flops_per_problem": 298933440.0}}
{"greedy@R3": {"acc": 0.0, "flops_per_problem": 32161792.0}, "maj@4_R3": {"acc": 0.0, "flops_per_problem": 128647168.0}, "oracle@4_R3": {"acc": 0.0, "flops_per_problem": 128647168.0}, "maj@16_R3": {"acc": 0.0, "flops_per_problem": 514588672.0}, "oracle@16_R3": {"acc": 0.015625, "flops_per_problem": 514588672.0}, "adaptive_R3": {"acc": 0.0, "mean_samples": 16.0, "flops_per_problem": 514588672.0}}
{"greedy@R4": {"acc": 0.0, "flops_per_problem": 38864384.0}, "maj@4_R4": {"acc": 0.0, "flops_per_problem": 155457536.0}, "oracle@4_R4": {"acc": 0.015625, "flops_per_problem": 155457536.0}, "maj@16_R4": {"acc": 0.0, "flops_per_problem": 621830144.0}, "oracle@16_R4": {"acc": 0.09375, "flops_per_problem": 621830144.0}, "adaptive_R4": {"acc": 0.015625, "mean_samples": 16.0, "flops_per_problem": 621830144.0}}
=== tts_eval E8e_add_moe_core6 digits=3 Thu Oct  8 05:17:19 UTC 2026
{"greedy@R1": {"acc": 0.1875, "flops_per_problem": 32161792.0}, "maj@4_R1": {"acc": 0.09375, "flops_per_problem": 128647168.0}, "oracle@4_R1": {"acc": 0.25, "flops_per_problem": 128647168.0}, "maj@16_R1": {"acc": 0.15625, "flops_per_problem": 514588672.0}, "oracle@16_R1": {"acc": 0.34375, "flops_per_problem": 514588672.0}, "adaptive_R1": {"acc": 0.15625, "mean_samples": 9.6875, "flops_per_problem": 311567360.0}}
=== tts_eval E8g_add_moe_abacus digits=3 Thu Oct  8 05:17:49 UTC 2026
{"greedy@R1": {"acc": 0.03125, "flops_per_problem": 18756608.0}, "maj@4_R1": {"acc": 0.03125, "flops_per_problem": 75026432.0}, "oracle@4_R1": {"acc": 0.203125, "flops_per_problem": 75026432.0}, "maj@16_R1": {"acc": 0.03125, "flops_per_problem": 300105728.0}, "oracle@16_R1": {"acc": 0.3125, "flops_per_problem": 300105728.0}, "adaptive_R1": {"acc": 0.046875, "mean_samples": 13.9375, "flops_per_problem": 261420224.0}}
=== tts_eval E8c_add_moe_engram digits=3 Thu Oct  8 05:18:08 UTC 2026
{"greedy@R1": {"acc": 0.0, "flops_per_problem": 19928064.0}, "maj@4_R1": {"acc": 0.015625, "flops_per_problem": 79712256.0}, "oracle@4_R1": {"acc": 0.03125, "flops_per_problem": 79712256.0}, "maj@16_R1": {"acc": 0.0, "flops_per_problem": 318849024.0}, "oracle@16_R1": {"acc": 0.046875, "flops_per_problem": 318849024.0}, "adaptive_R1": {"acc": 0.0, "mean_samples": 16.0, "flops_per_problem": 318849024.0}}
=== tts_eval E8d_add_loop3fixed_moe_engram digits=3 Thu Oct  8 05:18:29 UTC 2026
{"greedy@R1": {"acc": 0.0, "flops_per_problem": 19928064.0}, "maj@4_R1": {"acc": 0.0, "flops_per_problem": 79712256.0}, "oracle@4_R1": {"acc": 0.0, "flops_per_problem": 79712256.0}, "maj@16_R1": {"acc": 0.0, "flops_per_problem": 318849024.0}, "oracle@16_R1": {"acc": 0.03125, "flops_per_problem": 318849024.0}, "adaptive_R1": {"acc": 0.0, "mean_samples": 16.0, "flops_per_problem": 318849024.0}}
{"greedy@R3": {"acc": 0.0, "flops_per_problem": 31416320.0}, "maj@4_R3": {"acc": 0.015625, "flops_per_problem": 125665280.0}, "oracle@4_R3": {"acc": 0.03125, "flops_per_problem": 125665280.0}, "maj@16_R3": {"acc": 0.0, "flops_per_problem": 502661120.0}, "oracle@16_R3": {"acc": 0.03125, "flops_per_problem": 502661120.0}, "adaptive_R3": {"acc": 0.015625, "mean_samples": 16.0, "flops_per_problem": 502661120.0}}
{"greedy@R4": {"acc": 0.0, "flops_per_problem": 37160448.0}, "maj@4_R4": {"acc": 0.0, "flops_per_problem": 148641792.0}, "oracle@4_R4": {"acc": 0.0, "flops_per_problem": 148641792.0}, "maj@16_R4": {"acc": 0.0, "flops_per_problem": 594567168.0}, "oracle@16_R4": {"acc": 0.046875, "flops_per_problem": 594567168.0}, "adaptive_R4": {"acc": 0.015625, "mean_samples": 16.0, "flops_per_problem": 594567168.0}}
=== post_s2b DONE Thu Oct  8 07:31:09 UTC 2026
